😀😆😎💻🌎
20
1
2
3
4
97
98
99
0
97
1
98
2
99
★
3
★
3
★
3
aaa
3
##	#
###	#
10
hello\tworld\n
V
😀
🚀
★★★★
